ewfmew f
ghghgh
wefwef
few fwefwe
ew fwef ef
w efewfwef
