fgfdg
xoxo
433
dfdfdds
xoxo
433
dsssfs
efesfethg
efds4tfd
433dfrtrge