Lorem ipsum dolor sit amet, consectetur adipiscing elit. 
Hello
Vivamus congue mauris arcu, vitae volutpat turpis semper sed. 
Lorem ipsum dolor sit amet. 
Hello
Mauris et tincidunt nibh, sit amet semper lacus. 
Pellentesque habitant morbi tristique senectus et netus.
Lorem ipsum rare dolor sit amet. 