ewfmCurabitur ornare metus a eros feugiat, at dapibus massa accumsan. 
Mauris quis fringilla quam, sit amet lacinia enim. Integer nec maximus mauris. 
Ut nunc metus, laoreet a commodo id, vulputate in ante.
 Maecenas sagittis dui sit amet purus suscipit lobortis.
INSERTED