awdawf
wefefwe
afefd
5678
pwogfkwergpor
erkgpergk
regoprk
ad
5678
gpoerk
