gerg er gerg re
 gerger
 greger
 grgtrhtrh
 erhrthrthrtherthrt
 hrteh
 rthrth
 rtehrthrtehrth
 