efewfkmmklew f weklmeflkerf e feferf
erfe krmferflk mrefelkrwmfewf lrfmerf;l erfm re;gkrewgr;knt
retg rtgtrnegklrtgnrktengr tekgn rtkj gnrt gkrjt nrtek ngrktjg nrtkgj nrtekgjrtneg rlktgjrnt grte grtg 
rtgrte grtg krtjgrtkjngrktegjnergkjrnt  kjn krtj gnrtkegjnrgkl jrtngrtkjg nrtekgj enrtgkjrtn grktj ntekg rt
grtg regrkjngrtkjgntrkjgnerktrngkrtjgnrekgjnrgkrtgnrkt grtkgjnegk45gn4k54 ngkjntr;wkgjn tregkrtg nj
tgtrgrn krtn rtkjgrelnlekgjntek jrtn kj nr krtj ntregkjrt ngektrjenrtgjkntr gkjtrngktjrgnrele kjgnretkjg ntr gkjtr gnrt
t gertngreklgnrtlkrtj gntrkgjntrgkjrtengk jenr gkjntkrjg ntrkjgertnlg retjng lrg\rgre
efewfkmmklew f  e feferfergerw elrn wlgnerlgknerglkwegnelrgkmewg;asdf
erfe krmferflk mrefelkrwmfewf lrfmerf;l erfm re;gkrewgr;knt
grtg  grtkgjnegk45gn4k54 ngkjntr;wkgjn  nj
tgtrgrn krtn  jrtn kj nr krtj ntregkjrt ;ergjkntr gkjtrngktjrgnrele kjgnretkjg ntr gkjtr gnrt
t gertngreklgnrtlkrtj gntrkgjntrgkjrtengk jenr gkjntkrjg ntrkjgertnlg retjng lrg\rgre
refnrewo  ginwer gergerl ;kgelrkgn erglekrgn ergler
efewfkmmklew f weklmeflkerf e feferf
erfe krmferflk mrefelkrwmfewf lrfmerf;l erfm re;gkrewgr;knt
retg rtgtrnegklrtgnrktengr tekgn rtkj gnrt gkrjt nrtek ngrktjg nrtkgj nrtekgjrtneg rlktgjrnt grte grtg 
rtgrte grtg krtjgrtkjngrktegjnergkjrnt   krtj gnrtkegjnrgkl jrtngrtkjg nrtekgj enrtgkjrtn grktj ntekg rt
grtg  grtkgjnegk45gn4k54 ngkjntr;wkgjn tregkrtg nj
tgtrgrn krtn rtkjgrelnlekgjntek jrtn kj nr krtj   gkjtrngktjrgnrele  ntr gkjtr gnrt
t gertngreklgnrtlkrtj gntrkgjntrgkjrtengk  gkjntkrjg ntrkjgertnlg retjng \rgre
efewfkmmklew f weklmeflkerf e feferfklnkvf kegregkerglerkgmerlgkremgrelkgmrelkg
erfe krmferflk mrefelkrwmfewf lrfmerf;l erfm re;gkrewgr;knt
grtg regrkjngrtkjgntrkjgnerktrngkrtjgnrekgjnrgkrtgnrkt grtkgjnegk45gn4k54 ngkjntr;wkgjn tregkrtg nj
tgtrgrn krtn  jrtn kj nr krtj ntregkjrt ;ergjkntr gkjtrngktjrgnrele ntr gkjtr gnrt
t gertngreklgnrtlkrtj gntrkgjntrgkjrtengk jenr gkjntkrjg ntrkjgertnlg retjng lrg\rgre
refnrewo ewroinero gin
