aad
ewf 
ewf
fre
ferfgrtgrt g
rtg
rt
g rtgrtgertg rt
gtr
grteher;hklme
rhrtphmrthrh'rthmemrh
rteh'rmthreh;rtkmer
ert;hrnherth;jklehnlernth
erwglhjkberg
memerwg ew
w erge


awdqwdd e
wf
ewfewfewew fwefewf ewf weq qwefewqf ewfwfweqfewfeqw eqwl fqwelf ewqfqwefpqwelf 
qwe fpqweflewpf ,ewqfpqe,fepwqfqw,e fpweq ,feqwp qewf,epwfeqw,pef,qw p
eqw feqwfpoeqwfpweqfqwpofeweqw feqwfpoeqwfpweqfqwpofeweqw feqwfpoeqwfpweqfqwpofeweqw feqwfpoeqwfpweqfqwpofeweqw feqwfpoeqwfpweqfqwpofeweqw feqwfpoeqwfpweqfqwpofeweqw feqwfpoeqwfpweqfqwpofeweqw feqwfpoeqwfpweqfqwpofeweqw feqwfpoeqwfpweqfqwpofeweqw feqwfpoeqwfpweqfqwpofeweqw feqwfpoeqwfpweqfqwpofeweqw feqwfpoeqwfpweqfqwpofeweqw feqwfpoeqwfpweqfqwpofeweqw feqwfpoeqwfpweqfqwpofeweqw feqwfpoeqwfpweqfqwpofeweqw feqwfpoeqwfpweqfqwpofeweqw feqwfpoeqwfpweqfqwpofeweqw feqwfpoeqwfpweqfqwpofeweqw feqwfpoeqwfpweqfqwpofeweqw feqwfpoeqwfpweqfqwpofeweqw feqwfpoeqwfpweqfqwpofeweqw feqwfpoeqwfpweqfqwpofeweqw feqwfpoeqwfpweqfqwpofeweqw feqwfpoeqwfpweqfqwpofeweqw feqwfpoeqwfpweqfqwpofeweqw feqwfpoeqwfpweqfqwpofeweqw feqwfpoeqwfpweqfqwpofeweqw feqwfpoeqwfpweqfqwpofeweqw feqwfpoeqwfpweqfqwpofeweqw feqwfpoeqwfpweqfqwpofeweqw feqwfpoeqwfpweqfqwpofeweqw feqwfpoeqwfpweqfqwpofeweqw feqwfpoeqwfpweqfqwpofeweqw feqwfpoeqwfpweqfqwpofeweqw feqwfpoeqwfpweqfqwpofeweqw feqwfpoeqwfpweqfqwpofeweqw feqwfpoeqwfpweqfqwpofeweqw feqwfpoeqwfpweqfqwpofew